[0.659s] Invoking command in '/home/rajat/rpwr-assignments/src/turtle_party': DEBUGINFOD_URLS=https://debuginfod.ubuntu.com PYTHONPATH=/home/rajat/rpwr-assignments/build/turtle_party/prefix_override:/usr/lib/python3/dist-packages/colcon_core/task/python/colcon_distutils_commands:/home/rajat/rpwr-assignments/install/turtle_party/lib/python3.12/site-packages:${PYTHONPATH} /usr/bin/python3 -W ignore:setup.py install is deprecated -W ignore:easy_install command is deprecated setup.py egg_info --egg-base ../../build/turtle_party build --build-base /home/rajat/rpwr-assignments/build/turtle_party/build install --record /home/rajat/rpwr-assignments/build/turtle_party/install.log --single-version-externally-managed install_data
[0.858s] running egg_info
[0.869s] writing ../../build/turtle_party/turtle_party.egg-info/PKG-INFO
[0.870s] writing dependency_links to ../../build/turtle_party/turtle_party.egg-info/dependency_links.txt
[0.871s] writing entry points to ../../build/turtle_party/turtle_party.egg-info/entry_points.txt
[0.871s] writing requirements to ../../build/turtle_party/turtle_party.egg-info/requires.txt
[0.871s] writing top-level names to ../../build/turtle_party/turtle_party.egg-info/top_level.txt
[0.892s] reading manifest file '../../build/turtle_party/turtle_party.egg-info/SOURCES.txt'
[0.893s] writing manifest file '../../build/turtle_party/turtle_party.egg-info/SOURCES.txt'
[0.893s] running build
[0.893s] running build_py
[0.894s] running install
[0.896s] running install_lib
[0.907s] running install_data
[0.907s] copying launch/turtles_gone_wild.launch -> /home/rajat/rpwr-assignments/install/turtle_party/share/turtle_party
[0.907s] running install_egg_info
[0.919s] removing '/home/rajat/rpwr-assignments/install/turtle_party/lib/python3.12/site-packages/turtle_party-0.0.0-py3.12.egg-info' (and everything under it)
[0.919s] Copying ../../build/turtle_party/turtle_party.egg-info to /home/rajat/rpwr-assignments/install/turtle_party/lib/python3.12/site-packages/turtle_party-0.0.0-py3.12.egg-info
[0.920s] running install_scripts
[0.992s] Installing follow script to /home/rajat/rpwr-assignments/install/turtle_party/lib/turtle_party
[0.992s] writing list of installed files to '/home/rajat/rpwr-assignments/build/turtle_party/install.log'
[1.005s] Invoked command in '/home/rajat/rpwr-assignments/src/turtle_party' returned '0': DEBUGINFOD_URLS=https://debuginfod.ubuntu.com PYTHONPATH=/home/rajat/rpwr-assignments/build/turtle_party/prefix_override:/usr/lib/python3/dist-packages/colcon_core/task/python/colcon_distutils_commands:/home/rajat/rpwr-assignments/install/turtle_party/lib/python3.12/site-packages:${PYTHONPATH} /usr/bin/python3 -W ignore:setup.py install is deprecated -W ignore:easy_install command is deprecated setup.py egg_info --egg-base ../../build/turtle_party build --build-base /home/rajat/rpwr-assignments/build/turtle_party/build install --record /home/rajat/rpwr-assignments/build/turtle_party/install.log --single-version-externally-managed install_data
