running egg_info
creating ../../build/turtle_party/turtle_party.egg-info
writing ../../build/turtle_party/turtle_party.egg-info/PKG-INFO
writing dependency_links to ../../build/turtle_party/turtle_party.egg-info/dependency_links.txt
writing entry points to ../../build/turtle_party/turtle_party.egg-info/entry_points.txt
writing requirements to ../../build/turtle_party/turtle_party.egg-info/requires.txt
writing top-level names to ../../build/turtle_party/turtle_party.egg-info/top_level.txt
writing manifest file '../../build/turtle_party/turtle_party.egg-info/SOURCES.txt'
reading manifest file '../../build/turtle_party/turtle_party.egg-info/SOURCES.txt'
writing manifest file '../../build/turtle_party/turtle_party.egg-info/SOURCES.txt'
running build
running build_py
creating /home/rajat/rpwr-assignments/build/turtle_party/build
creating /home/rajat/rpwr-assignments/build/turtle_party/build/lib
creating /home/rajat/rpwr-assignments/build/turtle_party/build/lib/turtle_party
copying turtle_party/follow.py -> /home/rajat/rpwr-assignments/build/turtle_party/build/lib/turtle_party
copying turtle_party/__init__.py -> /home/rajat/rpwr-assignments/build/turtle_party/build/lib/turtle_party
running install
running install_lib
creating /home/rajat/rpwr-assignments/install/turtle_party/lib/python3.12/site-packages/turtle_party
copying /home/rajat/rpwr-assignments/build/turtle_party/build/lib/turtle_party/follow.py -> /home/rajat/rpwr-assignments/install/turtle_party/lib/python3.12/site-packages/turtle_party
copying /home/rajat/rpwr-assignments/build/turtle_party/build/lib/turtle_party/__init__.py -> /home/rajat/rpwr-assignments/install/turtle_party/lib/python3.12/site-packages/turtle_party
byte-compiling /home/rajat/rpwr-assignments/install/turtle_party/lib/python3.12/site-packages/turtle_party/follow.py to follow.cpython-312.pyc
byte-compiling /home/rajat/rpwr-assignments/install/turtle_party/lib/python3.12/site-packages/turtle_party/__init__.py to __init__.cpython-312.pyc
running install_data
creating /home/rajat/rpwr-assignments/install/turtle_party/share/ament_index
creating /home/rajat/rpwr-assignments/install/turtle_party/share/ament_index/resource_index
creating /home/rajat/rpwr-assignments/install/turtle_party/share/ament_index/resource_index/packages
copying resource/turtle_party -> /home/rajat/rpwr-assignments/install/turtle_party/share/ament_index/resource_index/packages
copying package.xml -> /home/rajat/rpwr-assignments/install/turtle_party/share/turtle_party
running install_egg_info
Copying ../../build/turtle_party/turtle_party.egg-info to /home/rajat/rpwr-assignments/install/turtle_party/lib/python3.12/site-packages/turtle_party-0.0.0-py3.12.egg-info
running install_scripts
Installing follow script to /home/rajat/rpwr-assignments/install/turtle_party/lib/turtle_party
writing list of installed files to '/home/rajat/rpwr-assignments/build/turtle_party/install.log'
