[0.862s] Invoking command in '/home/rajat/rpwr-assignments/src/turtle_party': DEBUGINFOD_URLS=https://debuginfod.ubuntu.com PYTHONPATH=/home/rajat/rpwr-assignments/build/turtle_party/prefix_override:/usr/lib/python3/dist-packages/colcon_core/task/python/colcon_distutils_commands:/home/rajat/rpwr-assignments/install/turtle_party/lib/python3.12/site-packages:${PYTHONPATH} /usr/bin/python3 -W ignore:setup.py install is deprecated -W ignore:easy_install command is deprecated setup.py egg_info --egg-base ../../build/turtle_party build --build-base /home/rajat/rpwr-assignments/build/turtle_party/build install --record /home/rajat/rpwr-assignments/build/turtle_party/install.log --single-version-externally-managed install_data
[1.049s] running egg_info
[1.049s] creating ../../build/turtle_party/turtle_party.egg-info
[1.060s] writing ../../build/turtle_party/turtle_party.egg-info/PKG-INFO
[1.060s] writing dependency_links to ../../build/turtle_party/turtle_party.egg-info/dependency_links.txt
[1.060s] writing entry points to ../../build/turtle_party/turtle_party.egg-info/entry_points.txt
[1.060s] writing requirements to ../../build/turtle_party/turtle_party.egg-info/requires.txt
[1.060s] writing top-level names to ../../build/turtle_party/turtle_party.egg-info/top_level.txt
[1.060s] writing manifest file '../../build/turtle_party/turtle_party.egg-info/SOURCES.txt'
[1.081s] reading manifest file '../../build/turtle_party/turtle_party.egg-info/SOURCES.txt'
[1.082s] writing manifest file '../../build/turtle_party/turtle_party.egg-info/SOURCES.txt'
[1.082s] running build
[1.082s] running build_py
[1.082s] creating /home/rajat/rpwr-assignments/build/turtle_party/build
[1.082s] creating /home/rajat/rpwr-assignments/build/turtle_party/build/lib
[1.082s] creating /home/rajat/rpwr-assignments/build/turtle_party/build/lib/turtle_party
[1.082s] copying turtle_party/follow.py -> /home/rajat/rpwr-assignments/build/turtle_party/build/lib/turtle_party
[1.082s] copying turtle_party/__init__.py -> /home/rajat/rpwr-assignments/build/turtle_party/build/lib/turtle_party
[1.082s] running install
[1.085s] running install_lib
[1.095s] creating /home/rajat/rpwr-assignments/install/turtle_party/lib/python3.12/site-packages/turtle_party
[1.095s] copying /home/rajat/rpwr-assignments/build/turtle_party/build/lib/turtle_party/follow.py -> /home/rajat/rpwr-assignments/install/turtle_party/lib/python3.12/site-packages/turtle_party
[1.095s] copying /home/rajat/rpwr-assignments/build/turtle_party/build/lib/turtle_party/__init__.py -> /home/rajat/rpwr-assignments/install/turtle_party/lib/python3.12/site-packages/turtle_party
[1.095s] byte-compiling /home/rajat/rpwr-assignments/install/turtle_party/lib/python3.12/site-packages/turtle_party/follow.py to follow.cpython-312.pyc
[1.096s] byte-compiling /home/rajat/rpwr-assignments/install/turtle_party/lib/python3.12/site-packages/turtle_party/__init__.py to __init__.cpython-312.pyc
[1.096s] running install_data
[1.096s] creating /home/rajat/rpwr-assignments/install/turtle_party/share/ament_index
[1.096s] creating /home/rajat/rpwr-assignments/install/turtle_party/share/ament_index/resource_index
[1.096s] creating /home/rajat/rpwr-assignments/install/turtle_party/share/ament_index/resource_index/packages
[1.096s] copying resource/turtle_party -> /home/rajat/rpwr-assignments/install/turtle_party/share/ament_index/resource_index/packages
[1.096s] copying package.xml -> /home/rajat/rpwr-assignments/install/turtle_party/share/turtle_party
[1.096s] running install_egg_info
[1.106s] Copying ../../build/turtle_party/turtle_party.egg-info to /home/rajat/rpwr-assignments/install/turtle_party/lib/python3.12/site-packages/turtle_party-0.0.0-py3.12.egg-info
[1.107s] running install_scripts
[1.195s] Installing follow script to /home/rajat/rpwr-assignments/install/turtle_party/lib/turtle_party
[1.195s] writing list of installed files to '/home/rajat/rpwr-assignments/build/turtle_party/install.log'
[1.218s] Invoked command in '/home/rajat/rpwr-assignments/src/turtle_party' returned '0': DEBUGINFOD_URLS=https://debuginfod.ubuntu.com PYTHONPATH=/home/rajat/rpwr-assignments/build/turtle_party/prefix_override:/usr/lib/python3/dist-packages/colcon_core/task/python/colcon_distutils_commands:/home/rajat/rpwr-assignments/install/turtle_party/lib/python3.12/site-packages:${PYTHONPATH} /usr/bin/python3 -W ignore:setup.py install is deprecated -W ignore:easy_install command is deprecated setup.py egg_info --egg-base ../../build/turtle_party build --build-base /home/rajat/rpwr-assignments/build/turtle_party/build install --record /home/rajat/rpwr-assignments/build/turtle_party/install.log --single-version-externally-managed install_data
