[0.658s] Invoking command in '/home/rajat/rpwr-assignments/src/turtle_party': DEBUGINFOD_URLS=https://debuginfod.ubuntu.com PYTHONPATH=/home/rajat/rpwr-assignments/build/turtle_party/prefix_override:/usr/lib/python3/dist-packages/colcon_core/task/python/colcon_distutils_commands:/home/rajat/rpwr-assignments/install/turtle_party/lib/python3.12/site-packages:${PYTHONPATH} /usr/bin/python3 -W ignore:setup.py install is deprecated -W ignore:easy_install command is deprecated setup.py egg_info --egg-base ../../build/turtle_party build --build-base /home/rajat/rpwr-assignments/build/turtle_party/build install --record /home/rajat/rpwr-assignments/build/turtle_party/install.log --single-version-externally-managed install_data
[0.872s] running egg_info
[0.881s] writing ../../build/turtle_party/turtle_party.egg-info/PKG-INFO
[0.881s] writing dependency_links to ../../build/turtle_party/turtle_party.egg-info/dependency_links.txt
[0.882s] writing entry points to ../../build/turtle_party/turtle_party.egg-info/entry_points.txt
[0.882s] writing requirements to ../../build/turtle_party/turtle_party.egg-info/requires.txt
[0.882s] writing top-level names to ../../build/turtle_party/turtle_party.egg-info/top_level.txt
[0.903s] reading manifest file '../../build/turtle_party/turtle_party.egg-info/SOURCES.txt'
[0.903s] writing manifest file '../../build/turtle_party/turtle_party.egg-info/SOURCES.txt'
[0.903s] running build
[0.904s] running build_py
[0.904s] running install
[0.906s] running install_lib
[0.921s] running install_data
[0.921s] copying launch/turtles_gone_wild.launch.py -> /home/rajat/rpwr-assignments/install/turtle_party/share/turtle_party
[0.921s] running install_egg_info
[0.930s] removing '/home/rajat/rpwr-assignments/install/turtle_party/lib/python3.12/site-packages/turtle_party-0.0.0-py3.12.egg-info' (and everything under it)
[0.930s] Copying ../../build/turtle_party/turtle_party.egg-info to /home/rajat/rpwr-assignments/install/turtle_party/lib/python3.12/site-packages/turtle_party-0.0.0-py3.12.egg-info
[0.931s] running install_scripts
[1.009s] Installing follow script to /home/rajat/rpwr-assignments/install/turtle_party/lib/turtle_party
[1.009s] writing list of installed files to '/home/rajat/rpwr-assignments/build/turtle_party/install.log'
[1.026s] Invoked command in '/home/rajat/rpwr-assignments/src/turtle_party' returned '0': DEBUGINFOD_URLS=https://debuginfod.ubuntu.com PYTHONPATH=/home/rajat/rpwr-assignments/build/turtle_party/prefix_override:/usr/lib/python3/dist-packages/colcon_core/task/python/colcon_distutils_commands:/home/rajat/rpwr-assignments/install/turtle_party/lib/python3.12/site-packages:${PYTHONPATH} /usr/bin/python3 -W ignore:setup.py install is deprecated -W ignore:easy_install command is deprecated setup.py egg_info --egg-base ../../build/turtle_party build --build-base /home/rajat/rpwr-assignments/build/turtle_party/build install --record /home/rajat/rpwr-assignments/build/turtle_party/install.log --single-version-externally-managed install_data
